

================================================================
== Vivado HLS Report for 'fmax'
================================================================
* Date:           Fri Dec 13 03:47:00 2019

* Version:        2019.1.op (Build 2552052 on Fri May 24 15:28:33 MDT 2019)
* Project:        simgnn_kernel
* Solution:       solution
* Product family: virtexuplus
* Target device:  xcvu9p-flgb2104-2-i


================================================================
== Performance Estimates
================================================================
+ Timing (ns): 
    * Summary: 
    +--------+-------+----------+------------+
    |  Clock | Target| Estimated| Uncertainty|
    +--------+-------+----------+------------+
    |ap_clk  |   4.00|     1.887|        1.08|
    +--------+-------+----------+------------+

+ Latency (clock cycles): 
    * Summary: 
    +-----+-----+-----+-----+----------+
    |  Latency  |  Interval | Pipeline |
    | min | max | min | max |   Type   |
    +-----+-----+-----+-----+----------+
    |    0|    0|    1|    1| function |
    +-----+-----+-----+-----+----------+

    + Detail: 
        * Instance: 
        N/A

        * Loop: 
        N/A



================================================================
== Utilization Estimates
================================================================
* Summary: 
+---------------------+---------+-------+---------+---------+-----+
|         Name        | BRAM_18K| DSP48E|    FF   |   LUT   | URAM|
+---------------------+---------+-------+---------+---------+-----+
|DSP                  |        -|      -|        -|        -|    -|
|Expression           |        -|      -|        0|      312|    -|
|FIFO                 |        -|      -|        -|        -|    -|
|Instance             |        -|      -|        -|        -|    -|
|Memory               |        -|      -|        -|        -|    -|
|Multiplexer          |        -|      -|        -|        -|    -|
|Register             |        -|      -|        -|        -|    -|
+---------------------+---------+-------+---------+---------+-----+
|Total                |        0|      0|        0|      312|    0|
+---------------------+---------+-------+---------+---------+-----+
|Available SLR        |     1440|   2280|   788160|   394080|  320|
+---------------------+---------+-------+---------+---------+-----+
|Utilization SLR (%)  |        0|      0|        0|    ~0   |    0|
+---------------------+---------+-------+---------+---------+-----+
|Available            |     4320|   6840|  2364480|  1182240|  960|
+---------------------+---------+-------+---------+---------+-----+
|Utilization (%)      |        0|      0|        0|    ~0   |    0|
+---------------------+---------+-------+---------+---------+-----+

+ Detail: 
    * Instance: 
    N/A

    * DSP48E: 
    N/A

    * Memory: 
    N/A

    * FIFO: 
    N/A

    * Expression: 
    +-----------------------+----------+-------+---+----+------------+------------+
    |     Variable Name     | Operation| DSP48E| FF| LUT| Bitwidth P0| Bitwidth P1|
    +-----------------------+----------+-------+---+----+------------+------------+
    |and_ln25_8_fu_90_p2    |    and   |      0|  0|   2|           1|           1|
    |and_ln25_fu_58_p2      |    and   |      0|  0|   2|           1|           1|
    |and_ln34_8_fu_108_p2   |    and   |      0|  0|   2|           1|           1|
    |and_ln34_fu_102_p2     |    and   |      0|  0|   2|           1|           1|
    |icmp_ln833_1_fu_52_p2  |   icmp   |      0|  0|  29|          52|           1|
    |icmp_ln833_2_fu_64_p2  |   icmp   |      0|  0|  13|          11|           2|
    |icmp_ln833_fu_46_p2    |   icmp   |      0|  0|  13|          11|           1|
    |icmp_ln837_fu_70_p2    |   icmp   |      0|  0|  29|          52|           1|
    |ymaggreater_fu_76_p2   |   icmp   |      0|  0|  29|          64|           1|
    |ap_return              |  select  |      0|  0|  63|           1|          64|
    |res_fu_82_p3           |  select  |      0|  0|  63|           1|          64|
    |select_ln34_fu_114_p3  |  select  |      0|  0|  63|           1|           1|
    |xor_ln25_fu_96_p2      |    xor   |      0|  0|   2|           2|           1|
    +-----------------------+----------+-------+---+----+------------+------------+
    |Total                  |          |      0|  0| 312|         199|         140|
    +-----------------------+----------+-------+---+----+------------+------------+

    * Multiplexer: 
    N/A

    * Register: 
    N/A



================================================================
== Interface
================================================================
* Summary: 
+-----------+-----+-----+------------+--------------+--------------+
| RTL Ports | Dir | Bits|  Protocol  | Source Object|    C Type    |
+-----------+-----+-----+------------+--------------+--------------+
|ap_ready   | out |    1| ap_ctrl_hs |     fmax     | return value |
|ap_return  | out |   64| ap_ctrl_hs |     fmax     | return value |
|y          |  in |   64|   ap_none  |       y      |    scalar    |
+-----------+-----+-----+------------+--------------+--------------+

